========================================
GPU 0 Best-Accuracy Rerun - Wed Sep  2 21:21:33 UTC 2026
========================================
=== 100-class IPC=10 unguided (3 seeds, 1300 ep) ===
Arch: convnet, Norm: instance
Classes (100): ['n02869837', 'n01749939', 'n02488291', 'n02107142', 'n13037406', 'n02091831', 'n04517823', 'n04589890', 'n03062245', 'n01773797', 'n01735189', 'n07831146', 'n07753275', 'n03085013', 'n04485082', 'n02105505', 'n01983481', 'n02788148', 'n03530642', 'n04435653', 'n02086910', 'n02859443', 'n13040303', 'n03594734', 'n02085620', 'n02099849', 'n01558993', 'n04493381', 'n02109047', 'n04111531', 'n02877765', 'n04429376', 'n02009229', 'n01978455', 'n02106550', 'n01820546', 'n01692333', 'n07714571', 'n02974003', 'n02114855', 'n03785016', 'n03764736', 'n03775546', 'n02087046', 'n07836838', 'n04099969', 'n04592741', 'n03891251', 'n02701002', 'n03379051', 'n02259212', 'n07715103', 'n03947888', 'n04026417', 'n02326432', 'n03637318', 'n01980166', 'n02113799', 'n02086240', 'n03903868', 'n02483362', 'n04127249', 'n02089973', 'n03017168', 'n02093428', 'n02804414', 'n02396427', 'n04418357', 'n02172182', 'n01729322', 'n02113978', 'n03787032', 'n02089867', 'n02119022', 'n03777754', 'n04238763', 'n02231487', 'n03032252', 'n02138441', 'n02104029', 'n03837869', 'n03494278', 'n04136333', 'n03794056', 'n03492542', 'n02018207', 'n04067472', 'n03930630', 'n03584829', 'n02123045', 'n04229816', 'n02100583', 'n03642806', 'n04336792', 'n03259280', 'n02116738', 'n02108089', 'n03424325', 'n01855672', 'n02090622']

Seed 0:
  Loading training images from ./results/sweep_in100/high_noise_unguided_d25/dataset_0...
  Loaded 1000 training images
  Loading validation images from /root/data/imagenet100/val...
  Loaded 5000 validation images
  Training done in 1045.6s, best Top-1=12.06% @ epoch 884
  Seed 0: Best Top-1=12.06%, Best Top-5=28.92%

Seed 1:
  Loading training images from ./results/sweep_in100/high_noise_unguided_d25/dataset_0...
  Loaded 1000 training images
  Loading validation images from /root/data/imagenet100/val...
  Loaded 5000 validation images
  Training done in 1044.6s, best Top-1=12.78% @ epoch 1248
  Seed 1: Best Top-1=12.78%, Best Top-5=29.70%

Seed 2:
  Loading training images from ./results/sweep_in100/high_noise_unguided_d25/dataset_0...
  Loaded 1000 training images
  Loading validation images from /root/data/imagenet100/val...
  Loaded 5000 validation images
  Training done in 1042.9s, best Top-1=11.98% @ epoch 1092
  Seed 2: Best Top-1=11.98%, Best Top-5=28.82%

============================================================
Arch: convnet, Depth: 6
Mean Best Top-1: 12.27 ± 0.36%
Mean Best Top-5: 29.15 ± 0.39%
=== 100-class IPC=10 fixed λ=0.10 (3 seeds, 1300 ep) ===
Arch: convnet, Norm: instance
Classes (100): ['n02869837', 'n01749939', 'n02488291', 'n02107142', 'n13037406', 'n02091831', 'n04517823', 'n04589890', 'n03062245', 'n01773797', 'n01735189', 'n07831146', 'n07753275', 'n03085013', 'n04485082', 'n02105505', 'n01983481', 'n02788148', 'n03530642', 'n04435653', 'n02086910', 'n02859443', 'n13040303', 'n03594734', 'n02085620', 'n02099849', 'n01558993', 'n04493381', 'n02109047', 'n04111531', 'n02877765', 'n04429376', 'n02009229', 'n01978455', 'n02106550', 'n01820546', 'n01692333', 'n07714571', 'n02974003', 'n02114855', 'n03785016', 'n03764736', 'n03775546', 'n02087046', 'n07836838', 'n04099969', 'n04592741', 'n03891251', 'n02701002', 'n03379051', 'n02259212', 'n07715103', 'n03947888', 'n04026417', 'n02326432', 'n03637318', 'n01980166', 'n02113799', 'n02086240', 'n03903868', 'n02483362', 'n04127249', 'n02089973', 'n03017168', 'n02093428', 'n02804414', 'n02396427', 'n04418357', 'n02172182', 'n01729322', 'n02113978', 'n03787032', 'n02089867', 'n02119022', 'n03777754', 'n04238763', 'n02231487', 'n03032252', 'n02138441', 'n02104029', 'n03837869', 'n03494278', 'n04136333', 'n03794056', 'n03492542', 'n02018207', 'n04067472', 'n03930630', 'n03584829', 'n02123045', 'n04229816', 'n02100583', 'n03642806', 'n04336792', 'n03259280', 'n02116738', 'n02108089', 'n03424325', 'n01855672', 'n02090622']

Seed 0:
  Loading training images from ./results/sweep_in100/high_noise_fixed_l0.1_d25/dataset_0...
  Loaded 1000 training images
  Loading validation images from /root/data/imagenet100/val...
  Loaded 5000 validation images
  Training done in 1112.1s, best Top-1=11.82% @ epoch 1222
  Seed 0: Best Top-1=11.82%, Best Top-5=28.56%

Seed 1:
  Loading training images from ./results/sweep_in100/high_noise_fixed_l0.1_d25/dataset_0...
  Loaded 1000 training images
  Loading validation images from /root/data/imagenet100/val...
  Loaded 5000 validation images
  Training done in 1119.2s, best Top-1=11.76% @ epoch 1196
  Seed 1: Best Top-1=11.76%, Best Top-5=29.24%

Seed 2:
  Loading training images from ./results/sweep_in100/high_noise_fixed_l0.1_d25/dataset_0...
  Loaded 1000 training images
  Loading validation images from /root/data/imagenet100/val...
  Loaded 5000 validation images
  Training done in 1113.1s, best Top-1=11.30% @ epoch 923
  Seed 2: Best Top-1=11.30%, Best Top-5=28.74%

============================================================
Arch: convnet, Depth: 6
Mean Best Top-1: 11.63 ± 0.23%
Mean Best Top-5: 28.85 ± 0.29%
=== 100-class IPC=10 CAGS v2 [0.0,0.06] (3 seeds, 1300 ep) ===
Arch: convnet, Norm: instance
Classes (100): ['n02869837', 'n01749939', 'n02488291', 'n02107142', 'n13037406', 'n02091831', 'n04517823', 'n04589890', 'n03062245', 'n01773797', 'n01735189', 'n07831146', 'n07753275', 'n03085013', 'n04485082', 'n02105505', 'n01983481', 'n02788148', 'n03530642', 'n04435653', 'n02086910', 'n02859443', 'n13040303', 'n03594734', 'n02085620', 'n02099849', 'n01558993', 'n04493381', 'n02109047', 'n04111531', 'n02877765', 'n04429376', 'n02009229', 'n01978455', 'n02106550', 'n01820546', 'n01692333', 'n07714571', 'n02974003', 'n02114855', 'n03785016', 'n03764736', 'n03775546', 'n02087046', 'n07836838', 'n04099969', 'n04592741', 'n03891251', 'n02701002', 'n03379051', 'n02259212', 'n07715103', 'n03947888', 'n04026417', 'n02326432', 'n03637318', 'n01980166', 'n02113799', 'n02086240', 'n03903868', 'n02483362', 'n04127249', 'n02089973', 'n03017168', 'n02093428', 'n02804414', 'n02396427', 'n04418357', 'n02172182', 'n01729322', 'n02113978', 'n03787032', 'n02089867', 'n02119022', 'n03777754', 'n04238763', 'n02231487', 'n03032252', 'n02138441', 'n02104029', 'n03837869', 'n03494278', 'n04136333', 'n03794056', 'n03492542', 'n02018207', 'n04067472', 'n03930630', 'n03584829', 'n02123045', 'n04229816', 'n02100583', 'n03642806', 'n04336792', 'n03259280', 'n02116738', 'n02108089', 'n03424325', 'n01855672', 'n02090622']

Seed 0:
  Loading training images from ./results/sweep_in100/high_noise_cagsv2_0.0_0.06_d25/dataset_0...
  Loaded 1000 training images
  Loading validation images from /root/data/imagenet100/val...
  Loaded 5000 validation images (10.5s)
  Training done in 1111.3s, best Top-1=12.96% @ epoch 1027
  Seed 0: Best Top-1=12.96%, Best Top-5=30.34%

Seed 1:
  Loading training images from ./results/sweep_in100/high_noise_cagsv2_0.0_0.06_d25/dataset_0...
  Loaded 1000 training images
  Loading validation images from /root/data/imagenet100/val...
  Loaded 5000 validation images (9.7s)
  Training done in 1238.1s, best Top-1=12.50% @ epoch 1053
  Seed 1: Best Top-1=12.50%, Best Top-5=28.78%

Seed 2:
  Loading training images from ./results/sweep_in100/high_noise_cagsv2_0.0_0.06_d25/dataset_0...
  Loaded 1000 training images
  Loading validation images from /root/data/imagenet100/val...
  Loaded 5000 validation images (9.9s)
  Training done in 1110.4s, best Top-1=12.54% @ epoch 884
  Seed 2: Best Top-1=12.54%, Best Top-5=29.02%

============================================================
Arch: convnet, Depth: 6
Mean Best Top-1: 12.67 ± 0.21%
Mean Best Top-5: 29.38 ± 0.69%
=== 100-class IPC=10 TAGS linear + CAGS (3 seeds, 1300 ep) ===
Arch: convnet, Norm: instance
Classes (100): ['n02869837', 'n01749939', 'n02488291', 'n02107142', 'n13037406', 'n02091831', 'n04517823', 'n04589890', 'n03062245', 'n01773797', 'n01735189', 'n07831146', 'n07753275', 'n03085013', 'n04485082', 'n02105505', 'n01983481', 'n02788148', 'n03530642', 'n04435653', 'n02086910', 'n02859443', 'n13040303', 'n03594734', 'n02085620', 'n02099849', 'n01558993', 'n04493381', 'n02109047', 'n04111531', 'n02877765', 'n04429376', 'n02009229', 'n01978455', 'n02106550', 'n01820546', 'n01692333', 'n07714571', 'n02974003', 'n02114855', 'n03785016', 'n03764736', 'n03775546', 'n02087046', 'n07836838', 'n04099969', 'n04592741', 'n03891251', 'n02701002', 'n03379051', 'n02259212', 'n07715103', 'n03947888', 'n04026417', 'n02326432', 'n03637318', 'n01980166', 'n02113799', 'n02086240', 'n03903868', 'n02483362', 'n04127249', 'n02089973', 'n03017168', 'n02093428', 'n02804414', 'n02396427', 'n04418357', 'n02172182', 'n01729322', 'n02113978', 'n03787032', 'n02089867', 'n02119022', 'n03777754', 'n04238763', 'n02231487', 'n03032252', 'n02138441', 'n02104029', 'n03837869', 'n03494278', 'n04136333', 'n03794056', 'n03492542', 'n02018207', 'n04067472', 'n03930630', 'n03584829', 'n02123045', 'n04229816', 'n02100583', 'n03642806', 'n04336792', 'n03259280', 'n02116738', 'n02108089', 'n03424325', 'n01855672', 'n02090622']

Seed 0:
  Loading training images from ./results/sweep_in100/high_noise_tags_linear_cagsv2_0.0_0.06_d25/dataset_0...
  Loaded 1000 training images
  Loading validation images from /root/data/imagenet100/val...
  Loaded 5000 validation images (10.6s)
