========================================
Random Herding Baseline Eval - Thu Sep  3 00:16:16 UTC 2026
========================================
=== 10-class Random Herding IPC=10 (3 seeds, 2000 ep) ===
Arch: convnet, Norm: instance
Classes (10): ['n02869837', 'n01749939', 'n02488291', 'n02107142', 'n13037406', 'n02091831', 'n04517823', 'n04589890', 'n03062245', 'n01773797']

Seed 0:
  Loading training images from ./results/sweep_in10/high_noise_random_herding_ipc10_d25/dataset_0...
  Loaded 100 training images
  Loading validation images from /root/data/imagenet100/val...
  Loaded 500 validation images (1.1s)
    Epoch 600/3000 (16.9s) best=13.20%@ep210
    Epoch 200/2000 (17.0s) best=27.00%@ep180
    Epoch 1200/3000 (32.8s) best=13.20%@ep210
    Epoch 400/2000 (33.3s) best=30.40%@ep320
    Epoch 1800/3000 (48.7s) best=13.80%@ep1650
    Epoch 600/2000 (49.7s) best=30.40%@ep320
    Epoch 2400/3000 (64.6s) best=15.00%@ep2010
    Epoch 800/2000 (66.0s) best=30.40%@ep320
    Epoch 3000/3000 (80.5s) best=15.00%@ep2010
  Training done in 80.5s, best Top-1=15.00% @ epoch 2010
  Seed 0: Best Top-1=15.00%, Best Top-5=52.80%

Seed 1:
  Loading training images from ./results/sweep_in10/high_noise_random_herding_ipc1_d25/dataset_0...
  Loaded 10 training images
  Loading validation images from /root/data/imagenet100/val...
  Loaded 500 validation images (1.1s)
    Epoch 1000/2000 (82.3s) best=32.60%@ep1000
    Epoch 600/3000 (15.9s) best=14.00%@ep180
    Epoch 1200/2000 (98.6s) best=32.60%@ep1000
    Epoch 1200/3000 (31.8s) best=14.80%@ep690
    Epoch 1400/2000 (115.0s) best=32.60%@ep1000
    Epoch 1800/3000 (47.7s) best=14.80%@ep690
    Epoch 1600/2000 (131.3s) best=32.80%@ep1440
    Epoch 2400/3000 (63.5s) best=14.80%@ep690
    Epoch 1800/2000 (147.6s) best=32.80%@ep1440
    Epoch 3000/3000 (79.4s) best=14.80%@ep690
  Training done in 79.4s, best Top-1=14.80% @ epoch 690
  Seed 1: Best Top-1=14.80%, Best Top-5=51.60%

Seed 2:
  Loading training images from ./results/sweep_in10/high_noise_random_herding_ipc1_d25/dataset_0...
  Loaded 10 training images
  Loading validation images from /root/data/imagenet100/val...
  Loaded 500 validation images (1.1s)
    Epoch 2000/2000 (164.0s) best=32.80%@ep1440
  Training done in 164.0s, best Top-1=32.80% @ epoch 1440
  Seed 0: Best Top-1=32.80%, Best Top-5=76.00%

Seed 1:
  Loading training images from ./results/sweep_in10/high_noise_random_herding_ipc10_d25/dataset_0...
  Loaded 100 training images
  Loading validation images from /root/data/imagenet100/val...
  Loaded 500 validation images (1.0s)
    Epoch 600/3000 (16.0s) best=13.80%@ep600
    Epoch 200/2000 (16.3s) best=28.40%@ep200
    Epoch 1200/3000 (31.9s) best=14.40%@ep780
    Epoch 400/2000 (32.7s) best=31.60%@ep320
    Epoch 1800/3000 (47.7s) best=15.20%@ep1350
    Epoch 600/2000 (49.0s) best=31.60%@ep320
    Epoch 2400/3000 (63.7s) best=16.60%@ep2190
    Epoch 800/2000 (65.3s) best=32.80%@ep700
    Epoch 3000/3000 (79.5s) best=16.60%@ep2190
  Training done in 79.5s, best Top-1=16.60% @ epoch 2190
  Seed 2: Best Top-1=16.60%, Best Top-5=53.80%

============================================================
Arch: convnet, Depth: 6
Mean Best Top-1: 15.47 ± 0.81%
Mean Best Top-5: 52.73 ± 0.90%
    Epoch 1000/2000 (81.7s) best=33.20%@ep880
    Epoch 1200/2000 (98.2s) best=33.20%@ep880
    Epoch 1400/2000 (114.5s) best=33.20%@ep880
    Epoch 1600/2000 (130.9s) best=34.60%@ep1500
    Epoch 1800/2000 (147.2s) best=34.60%@ep1500
    Epoch 2000/2000 (163.5s) best=34.60%@ep1500
  Training done in 163.5s, best Top-1=34.60% @ epoch 1500
  Seed 1: Best Top-1=34.60%, Best Top-5=80.80%

Seed 2:
  Loading training images from ./results/sweep_in10/high_noise_random_herding_ipc10_d25/dataset_0...
  Loaded 100 training images
  Loading validation images from /root/data/imagenet100/val...
  Loaded 500 validation images (1.0s)
    Epoch 200/2000 (16.4s) best=26.00%@ep160
    Epoch 400/2000 (32.7s) best=31.00%@ep360
    Epoch 600/2000 (49.0s) best=31.00%@ep360
    Epoch 800/2000 (65.3s) best=31.00%@ep360
    Epoch 1000/2000 (81.7s) best=31.60%@ep960
    Epoch 1200/2000 (98.0s) best=34.80%@ep1160
    Epoch 1400/2000 (114.3s) best=34.80%@ep1160
    Epoch 1600/2000 (130.7s) best=34.80%@ep1160
    Epoch 1800/2000 (147.0s) best=34.80%@ep1160
    Epoch 2000/2000 (163.3s) best=34.80%@ep1160
  Training done in 163.3s, best Top-1=34.80% @ epoch 1160
  Seed 2: Best Top-1=34.80%, Best Top-5=76.00%

============================================================
Arch: convnet, Depth: 6
Mean Best Top-1: 34.07 ± 0.90%
Mean Best Top-5: 77.60 ± 2.26%
=== 10-class Random Herding IPC=50 (3 seeds, 1500 ep) ===
Arch: convnet, Norm: instance
Classes (10): ['n02869837', 'n01749939', 'n02488291', 'n02107142', 'n13037406', 'n02091831', 'n04517823', 'n04589890', 'n03062245', 'n01773797']

Seed 0:
  Loading training images from ./results/sweep_in10/high_noise_random_herding_ipc50_d25/dataset_0...
  Loaded 500 training images
  Loading validation images from /root/data/imagenet100/val...
  Loaded 500 validation images (1.0s)
    Epoch 600/1500 (235.0s) best=44.80%@ep495
    Epoch 1200/1500 (469.1s) best=49.00%@ep675
  Training done in 586.2s, best Top-1=49.00% @ epoch 675
  Seed 0: Best Top-1=49.00%, Best Top-5=87.80%

Seed 1:
  Loading training images from ./results/sweep_in10/high_noise_random_herding_ipc50_d25/dataset_0...
  Loaded 500 training images
  Loading validation images from /root/data/imagenet100/val...
  Loaded 500 validation images (1.0s)
    Epoch 600/1500 (234.2s) best=46.60%@ep405
    Epoch 1200/1500 (468.3s) best=47.80%@ep870
