  100class/cags_0.05_0.12: Top-1=10.79±0.62%
  100class/cags_0.05_0.15: Top-1=10.38±0.17%
  100class/fixed_l0.1: Top-1=10.07±0.15%
  100class/unguided: Top-1=9.72±0.13%
  10class/cags_0.05_0.12: Top-1=38.27±1.64%
  10class/cags_0.05_0.15: Top-1=33.20±0.99%
  10class/cags_0.08_0.12: Top-1=37.07±1.23%
  10class/fixed_l0.05: Top-1=41.40±1.18%
  10class/fixed_l0.08: Top-1=38.80±1.45%
  10class/fixed_l0.0: Top-1=40.67±0.50%
  10class/fixed_l0.12: Top-1=39.07±0.74%
  10class/fixed_l0.15: Top-1=33.67±1.73%
  10class/fixed_l0.1: Top-1=32.73±0.94%
  10class/tags_cosine_l0.1: Top-1=32.67±0.66%
  10class/tags_exp_l0.1: Top-1=35.87±1.37%
  10class/tags_linear_l0.1: Top-1=37.87±1.70%

Summary saved to /root/ICLR2027_KD/results/experiment_summary.json

================================================================================
EXPERIMENT RESULTS SUMMARY
================================================================================

--- 10-class ImageNet-100 ---
Config                         Top-1 (%)            Top-5 (%)           
----------------------------------------------------------------------
  unguided                     0.96 ± 0.00          0.00 ± 0.00         
  fixed_l0.0                   40.67 ± 0.50         82.00 ± 1.66        
  fixed_l0.05                  41.40 ± 1.18         82.00 ± 1.18        
  fixed_l0.08                  38.80 ± 1.45         81.93 ± 0.90        
  fixed_l0.1                   32.73 ± 0.94         80.27 ± 0.66        
  fixed_l0.12                  39.07 ± 0.74         83.87 ± 0.57        
  fixed_l0.15                  33.67 ± 1.73         79.53 ± 0.57        
  cags_0.05_0.12               38.27 ± 1.64         81.40 ± 0.43        
  cags_0.05_0.15               33.20 ± 0.99         79.73 ± 0.34        
  cags_0.08_0.12               37.07 ± 1.23         79.47 ± 0.41        
  tags_cosine_l0.1             32.67 ± 0.66         75.13 ± 0.25        
  tags_exp_l0.1                35.87 ± 1.37         79.40 ± 1.14        
  tags_linear_l0.1             37.87 ± 1.70         79.33 ± 0.52        

--- 100-class ImageNet-100 ---
Config                         Top-1 (%)            Top-5 (%)           
----------------------------------------------------------------------
  unguided                     9.72 ± 0.13          25.61 ± 0.45        
  fixed_l0.1                   10.07 ± 0.15         27.50 ± 0.48        
  cags_0.05_0.12               10.79 ± 0.62         28.54 ± 0.81        
  cags_0.05_0.15               10.38 ± 0.17         28.51 ± 0.44        

================================================================================
BEST CONFIGURATIONS
================================================================================
  10-class: fixed_l0.05 — Top-1=41.40±1.18%
    Best fixed λ: fixed_l0.05 — 41.40%
    Best CAGS: cags_0.05_0.12 — 38.27%
  100-class: cags_0.05_0.12 — Top-1=10.79±0.62%
    Best fixed λ: fixed_l0.1 — 10.07%
    Best CAGS: cags_0.05_0.12 — 10.79%

