========================================
GPU 1 Rerun with fixed hyperparams - Wed Sep  2 15:13:36 UTC 2026
========================================
=== 10-class unguided (3 seeds) ===
Arch: convnet, Norm: instance
Classes (10): ['n02869837', 'n01749939', 'n02488291', 'n02107142', 'n13037406', 'n02091831', 'n04517823', 'n04589890', 'n03062245', 'n01773797']

Seed 0:
  Loading training images from ./results/sweep_in10/high_noise_fixed_l0.0_d25/dataset_0...
  Loaded 100 training images
  Loading validation images from /root/data/imagenet100/val...
  Loaded 500 validation images
    Epoch 200/2000 (16.4s)
    Epoch 400/2000 (31.3s)
    Epoch 600/2000 (46.3s)
    Epoch 800/2000 (61.2s)
    Epoch 1000/2000 (76.2s)
    Epoch 1200/2000 (91.2s)
    Epoch 1400/2000 (106.2s)
    Epoch 1600/2000 (121.1s)
    Epoch 1800/2000 (136.1s)
    Epoch 2000/2000 (151.1s)
  Training done in 151.6s
  Seed 0: Top-1=39.20%, Top-5=79.20%

Seed 1:
  Loading training images from ./results/sweep_in10/high_noise_fixed_l0.0_d25/dataset_0...
  Loaded 100 training images
  Loading validation images from /root/data/imagenet100/val...
  Loaded 500 validation images
    Epoch 200/2000 (14.7s)
    Epoch 400/2000 (29.6s)
    Epoch 600/2000 (44.6s)
    Epoch 800/2000 (59.6s)
    Epoch 1000/2000 (74.5s)
    Epoch 1200/2000 (89.5s)
    Epoch 1400/2000 (104.5s)
    Epoch 1600/2000 (119.4s)
    Epoch 1800/2000 (134.4s)
    Epoch 2000/2000 (149.4s)
  Training done in 149.8s
  Seed 1: Top-1=37.20%, Top-5=80.20%

Seed 2:
  Loading training images from ./results/sweep_in10/high_noise_fixed_l0.0_d25/dataset_0...
  Loaded 100 training images
  Loading validation images from /root/data/imagenet100/val...
  Loaded 500 validation images
    Epoch 200/2000 (14.6s)
    Epoch 400/2000 (29.6s)
    Epoch 600/2000 (44.6s)
    Epoch 800/2000 (59.5s)
    Epoch 1000/2000 (74.5s)
    Epoch 1200/2000 (89.5s)
    Epoch 1400/2000 (104.5s)
    Epoch 1600/2000 (119.4s)
    Epoch 1800/2000 (134.4s)
    Epoch 2000/2000 (149.4s)
  Training done in 149.8s
  Seed 2: Top-1=37.00%, Top-5=77.80%

============================================================
Arch: convnet, Depth: 6
Mean Top-1: 37.80 ± 0.99%
Mean Top-5: 79.07 ± 0.98%
=== 10-class fixed lambda=0.05 (3 seeds) ===
Arch: convnet, Norm: instance
Classes (10): ['n02869837', 'n01749939', 'n02488291', 'n02107142', 'n13037406', 'n02091831', 'n04517823', 'n04589890', 'n03062245', 'n01773797']

Seed 0:
  Loading training images from ./results/sweep_in10/high_noise_fixed_l0.05_d25/dataset_0...
  Loaded 100 training images
  Loading validation images from /root/data/imagenet100/val...
  Loaded 500 validation images
    Epoch 200/2000 (15.1s)
    Epoch 400/2000 (30.1s)
    Epoch 600/2000 (45.1s)
    Epoch 800/2000 (60.0s)
    Epoch 1000/2000 (75.0s)
    Epoch 1200/2000 (90.0s)
    Epoch 1400/2000 (105.0s)
    Epoch 1600/2000 (120.0s)
    Epoch 1800/2000 (134.9s)
    Epoch 2000/2000 (149.9s)
  Training done in 150.5s
  Seed 0: Top-1=38.00%, Top-5=82.40%

Seed 1:
  Loading training images from ./results/sweep_in10/high_noise_fixed_l0.05_d25/dataset_0...
  Loaded 100 training images
  Loading validation images from /root/data/imagenet100/val...
  Loaded 500 validation images
    Epoch 200/2000 (14.6s)
    Epoch 400/2000 (29.6s)
    Epoch 600/2000 (44.6s)
    Epoch 800/2000 (59.6s)
    Epoch 1000/2000 (74.5s)
    Epoch 1200/2000 (89.5s)
    Epoch 1400/2000 (104.5s)
    Epoch 1600/2000 (119.4s)
    Epoch 1800/2000 (134.4s)
    Epoch 2000/2000 (149.4s)
  Training done in 149.9s
  Seed 1: Top-1=41.00%, Top-5=80.20%

Seed 2:
  Loading training images from ./results/sweep_in10/high_noise_fixed_l0.05_d25/dataset_0...
  Loaded 100 training images
  Loading validation images from /root/data/imagenet100/val...
  Loaded 500 validation images
    Epoch 200/2000 (14.6s)
    Epoch 400/2000 (29.6s)
    Epoch 600/2000 (44.6s)
    Epoch 800/2000 (59.5s)
    Epoch 1000/2000 (74.5s)
    Epoch 1200/2000 (89.5s)
    Epoch 1400/2000 (104.5s)
    Epoch 1600/2000 (119.4s)
    Epoch 1800/2000 (134.4s)
    Epoch 2000/2000 (149.4s)
  Training done in 149.9s
  Seed 2: Top-1=39.40%, Top-5=80.80%

============================================================
Arch: convnet, Depth: 6
Mean Top-1: 39.47 ± 1.23%
Mean Top-5: 81.13 ± 0.93%
=== 10-class CAGS v2 [0.0, 0.08] (3 seeds) ===
Arch: convnet, Norm: instance
Classes (10): ['n02869837', 'n01749939', 'n02488291', 'n02107142', 'n13037406', 'n02091831', 'n04517823', 'n04589890', 'n03062245', 'n01773797']

Seed 0:
  Loading training images from ./results/sweep_in10/high_noise_cagsv2_0.0_0.08_d25/dataset_0...
  Loaded 100 training images
  Loading validation images from /root/data/imagenet100/val...
  Loaded 500 validation images
    Epoch 200/2000 (15.3s)
    Epoch 400/2000 (30.2s)
    Epoch 600/2000 (45.2s)
    Epoch 800/2000 (60.2s)
    Epoch 1000/2000 (75.2s)
    Epoch 1200/2000 (90.1s)
    Epoch 1400/2000 (105.1s)
    Epoch 1600/2000 (120.1s)
    Epoch 1800/2000 (135.1s)
    Epoch 2000/2000 (150.0s)
  Training done in 150.6s
  Seed 0: Top-1=39.00%, Top-5=81.00%

Seed 1:
  Loading training images from ./results/sweep_in10/high_noise_cagsv2_0.0_0.08_d25/dataset_0...
  Loaded 100 training images
  Loading validation images from /root/data/imagenet100/val...
  Loaded 500 validation images
    Epoch 200/2000 (14.7s)
    Epoch 400/2000 (29.6s)
    Epoch 600/2000 (44.6s)
    Epoch 800/2000 (59.6s)
    Epoch 1000/2000 (74.5s)
    Epoch 1200/2000 (89.5s)
    Epoch 1400/2000 (104.5s)
    Epoch 1600/2000 (119.5s)
    Epoch 1800/2000 (134.4s)
    Epoch 2000/2000 (149.4s)
  Training done in 149.9s
  Seed 1: Top-1=42.00%, Top-5=79.60%

Seed 2:
  Loading training images from ./results/sweep_in10/high_noise_cagsv2_0.0_0.08_d25/dataset_0...
  Loaded 100 training images
  Loading validation images from /root/data/imagenet100/val...
  Loaded 500 validation images
    Epoch 200/2000 (14.6s)
    Epoch 400/2000 (29.6s)
    Epoch 600/2000 (44.6s)
    Epoch 800/2000 (59.6s)
    Epoch 1000/2000 (74.5s)
    Epoch 1200/2000 (89.5s)
    Epoch 1400/2000 (104.5s)
    Epoch 1600/2000 (119.5s)
    Epoch 1800/2000 (134.4s)
    Epoch 2000/2000 (149.4s)
  Training done in 149.9s
  Seed 2: Top-1=37.80%, Top-5=80.40%

============================================================
Arch: convnet, Depth: 6
Mean Top-1: 39.60 ± 1.77%
Mean Top-5: 80.33 ± 0.57%
=== ImageNette unguided (3 seeds) ===
Arch: convnet, Norm: instance
Classes (10): ['n01440764', 'n02102040', 'n02979186', 'n03000684', 'n03028079', 'n03394916', 'n03417042', 'n03425413', 'n03445777', 'n03888257']

Seed 0:
  Loading training images from ./results/sweep_nette/high_noise_unguided_d25/dataset_0...
  Loaded 100 training images
  Loading validation images from /root/data/imagenette2/val...
  Loaded 3925 validation images
    Epoch 200/2000 (15.1s)
    Epoch 400/2000 (30.1s)
    Epoch 600/2000 (45.0s)
    Epoch 800/2000 (60.0s)
    Epoch 1000/2000 (75.0s)
    Epoch 1200/2000 (89.9s)
    Epoch 1400/2000 (104.9s)
    Epoch 1600/2000 (119.9s)
    Epoch 1800/2000 (134.9s)
    Epoch 2000/2000 (149.8s)
  Training done in 151.3s
  Seed 0: Top-1=36.48%, Top-5=80.99%

Seed 1:
  Loading training images from ./results/sweep_nette/high_noise_unguided_d25/dataset_0...
  Loaded 100 training images
  Loading validation images from /root/data/imagenette2/val...
  Loaded 3925 validation images
    Epoch 200/2000 (14.6s)
    Epoch 400/2000 (29.6s)
    Epoch 600/2000 (44.6s)
    Epoch 800/2000 (59.5s)
    Epoch 1000/2000 (74.5s)
    Epoch 1200/2000 (89.5s)
    Epoch 1400/2000 (104.4s)
    Epoch 1600/2000 (119.4s)
    Epoch 1800/2000 (134.4s)
    Epoch 2000/2000 (149.3s)
  Training done in 150.7s
  Seed 1: Top-1=38.09%, Top-5=80.43%

Seed 2:
  Loading training images from ./results/sweep_nette/high_noise_unguided_d25/dataset_0...
  Loaded 100 training images
  Loading validation images from /root/data/imagenette2/val...
  Loaded 3925 validation images
    Epoch 200/2000 (14.6s)
    Epoch 400/2000 (29.6s)
    Epoch 600/2000 (44.6s)
    Epoch 800/2000 (59.5s)
    Epoch 1000/2000 (74.5s)
    Epoch 1200/2000 (89.5s)
    Epoch 1400/2000 (104.4s)
    Epoch 1600/2000 (119.4s)
    Epoch 1800/2000 (134.4s)
    Epoch 2000/2000 (149.3s)
  Training done in 150.7s
  Seed 2: Top-1=36.61%, Top-5=79.87%

============================================================
Arch: convnet, Depth: 6
Mean Top-1: 37.06 ± 0.73%
Mean Top-5: 80.43 ± 0.46%
=== ImageNette CAGS v2 [0.0, 0.06] (3 seeds) ===
Arch: convnet, Norm: instance
Classes (10): ['n01440764', 'n02102040', 'n02979186', 'n03000684', 'n03028079', 'n03394916', 'n03417042', 'n03425413', 'n03445777', 'n03888257']

Seed 0:
  Loading training images from ./results/sweep_nette/high_noise_cagsv2_0.0_0.06_d25/dataset_0...
  Loaded 100 training images
  Loading validation images from /root/data/imagenette2/val...
  Loaded 3925 validation images
    Epoch 200/2000 (15.0s)
    Epoch 400/2000 (30.0s)
    Epoch 600/2000 (44.9s)
    Epoch 800/2000 (59.9s)
    Epoch 1000/2000 (74.8s)
    Epoch 1200/2000 (89.8s)
    Epoch 1400/2000 (104.8s)
    Epoch 1600/2000 (119.8s)
    Epoch 1800/2000 (134.7s)
    Epoch 2000/2000 (149.7s)
  Training done in 151.2s
  Seed 0: Top-1=45.53%, Top-5=86.32%

Seed 1:
  Loading training images from ./results/sweep_nette/high_noise_cagsv2_0.0_0.06_d25/dataset_0...
  Loaded 100 training images
  Loading validation images from /root/data/imagenette2/val...
  Loaded 3925 validation images
    Epoch 200/2000 (14.6s)
    Epoch 400/2000 (29.6s)
    Epoch 600/2000 (44.6s)
    Epoch 800/2000 (59.5s)
    Epoch 1000/2000 (74.5s)
    Epoch 1200/2000 (89.5s)
    Epoch 1400/2000 (104.4s)
    Epoch 1600/2000 (119.4s)
    Epoch 1800/2000 (134.4s)
    Epoch 2000/2000 (149.3s)
  Training done in 150.7s
  Seed 1: Top-1=46.14%, Top-5=86.93%

Seed 2:
  Loading training images from ./results/sweep_nette/high_noise_cagsv2_0.0_0.06_d25/dataset_0...
  Loaded 100 training images
  Loading validation images from /root/data/imagenette2/val...
  Loaded 3925 validation images
    Epoch 200/2000 (14.6s)
    Epoch 400/2000 (29.6s)
    Epoch 600/2000 (44.6s)
    Epoch 800/2000 (59.5s)
    Epoch 1000/2000 (74.5s)
    Epoch 1200/2000 (89.5s)
    Epoch 1400/2000 (104.4s)
    Epoch 1600/2000 (119.4s)
    Epoch 1800/2000 (134.4s)
    Epoch 2000/2000 (149.3s)
  Training done in 150.7s
  Seed 2: Top-1=46.62%, Top-5=86.78%

============================================================
Arch: convnet, Depth: 6
Mean Top-1: 46.10 ± 0.45%
Mean Top-5: 86.68 ± 0.26%
=== ImageWoof unguided (3 seeds) ===
Arch: convnet, Norm: instance
Classes (10): ['n02096294', 'n02093754', 'n02111889', 'n02088364', 'n02086240', 'n02089973', 'n02087394', 'n02115641', 'n02099601', 'n02105641']

Seed 0:
  Loading training images from ./results/sweep_woof/high_noise_unguided_d25/dataset_0...
  Loaded 100 training images
  Loading validation images from /root/data/imagewoof2/val...
  Loaded 3929 validation images
    Epoch 200/2000 (15.1s)
    Epoch 400/2000 (30.1s)
    Epoch 600/2000 (45.1s)
    Epoch 800/2000 (60.0s)
    Epoch 1000/2000 (75.0s)
    Epoch 1200/2000 (90.0s)
    Epoch 1400/2000 (105.0s)
    Epoch 1600/2000 (119.9s)
    Epoch 1800/2000 (134.9s)
    Epoch 2000/2000 (149.9s)
  Training done in 151.4s
  Seed 0: Top-1=20.67%, Top-5=65.77%

Seed 1:
  Loading training images from ./results/sweep_woof/high_noise_unguided_d25/dataset_0...
  Loaded 100 training images
  Loading validation images from /root/data/imagewoof2/val...
  Loaded 3929 validation images
    Epoch 200/2000 (14.6s)
    Epoch 400/2000 (29.6s)
    Epoch 600/2000 (44.6s)
    Epoch 800/2000 (59.5s)
    Epoch 1000/2000 (74.5s)
    Epoch 1200/2000 (89.5s)
    Epoch 1400/2000 (104.5s)
    Epoch 1600/2000 (119.4s)
    Epoch 1800/2000 (134.4s)
    Epoch 2000/2000 (149.4s)
  Training done in 150.8s
  Seed 1: Top-1=20.95%, Top-5=66.40%

Seed 2:
  Loading training images from ./results/sweep_woof/high_noise_unguided_d25/dataset_0...
  Loaded 100 training images
  Loading validation images from /root/data/imagewoof2/val...
  Loaded 3929 validation images
    Epoch 200/2000 (14.6s)
    Epoch 400/2000 (29.6s)
    Epoch 600/2000 (44.5s)
    Epoch 800/2000 (59.5s)
    Epoch 1000/2000 (74.5s)
    Epoch 1200/2000 (89.4s)
    Epoch 1400/2000 (104.4s)
    Epoch 1600/2000 (119.4s)
    Epoch 1800/2000 (134.3s)
    Epoch 2000/2000 (149.3s)
  Training done in 150.7s
  Seed 2: Top-1=21.74%, Top-5=66.58%

============================================================
Arch: convnet, Depth: 6
Mean Top-1: 21.12 ± 0.45%
Mean Top-5: 66.25 ± 0.35%
=== ImageWoof CAGS v2 [0.0, 0.06] (3 seeds) ===
Arch: convnet, Norm: instance
Classes (10): ['n02096294', 'n02093754', 'n02111889', 'n02088364', 'n02086240', 'n02089973', 'n02087394', 'n02115641', 'n02099601', 'n02105641']

Seed 0:
  Loading training images from ./results/sweep_woof/high_noise_cagsv2_0.0_0.06_d25/dataset_0...
  Loaded 100 training images
  Loading validation images from /root/data/imagewoof2/val...
  Loaded 3929 validation images
    Epoch 200/2000 (15.1s)
    Epoch 400/2000 (30.0s)
    Epoch 600/2000 (45.0s)
    Epoch 800/2000 (60.0s)
    Epoch 1000/2000 (74.9s)
    Epoch 1200/2000 (89.9s)
    Epoch 1400/2000 (104.9s)
    Epoch 1600/2000 (119.9s)
    Epoch 1800/2000 (134.8s)
    Epoch 2000/2000 (149.8s)
  Training done in 151.3s
  Seed 0: Top-1=22.04%, Top-5=69.74%

Seed 1:
  Loading training images from ./results/sweep_woof/high_noise_cagsv2_0.0_0.06_d25/dataset_0...
  Loaded 100 training images
  Loading validation images from /root/data/imagewoof2/val...
  Loaded 3929 validation images
    Epoch 200/2000 (14.6s)
    Epoch 400/2000 (29.6s)
    Epoch 600/2000 (44.6s)
    Epoch 800/2000 (59.5s)
    Epoch 1000/2000 (74.5s)
    Epoch 1200/2000 (89.5s)
    Epoch 1400/2000 (104.4s)
    Epoch 1600/2000 (119.4s)
    Epoch 1800/2000 (134.4s)
    Epoch 2000/2000 (149.4s)
  Training done in 150.8s
  Seed 1: Top-1=24.54%, Top-5=70.15%

Seed 2:
  Loading training images from ./results/sweep_woof/high_noise_cagsv2_0.0_0.06_d25/dataset_0...
  Loaded 100 training images
  Loading validation images from /root/data/imagewoof2/val...
  Loaded 3929 validation images
    Epoch 200/2000 (14.7s)
    Epoch 400/2000 (29.6s)
    Epoch 600/2000 (44.6s)
    Epoch 800/2000 (59.6s)
    Epoch 1000/2000 (74.5s)
    Epoch 1200/2000 (89.5s)
    Epoch 1400/2000 (104.5s)
    Epoch 1600/2000 (119.4s)
    Epoch 1800/2000 (134.4s)
    Epoch 2000/2000 (149.4s)
  Training done in 150.8s
  Seed 2: Top-1=24.56%, Top-5=69.56%

============================================================
Arch: convnet, Depth: 6
Mean Top-1: 23.71 ± 1.18%
Mean Top-5: 69.81 ± 0.25%
=== 100-class ResNet-18 unguided (3 seeds) ===
Arch: resnet, Norm: instance
Classes (100): ['n02869837', 'n01749939', 'n02488291', 'n02107142', 'n13037406', 'n02091831', 'n04517823', 'n04589890', 'n03062245', 'n01773797', 'n01735189', 'n07831146', 'n07753275', 'n03085013', 'n04485082', 'n02105505', 'n01983481', 'n02788148', 'n03530642', 'n04435653', 'n02086910', 'n02859443', 'n13040303', 'n03594734', 'n02085620', 'n02099849', 'n01558993', 'n04493381', 'n02109047', 'n04111531', 'n02877765', 'n04429376', 'n02009229', 'n01978455', 'n02106550', 'n01820546', 'n01692333', 'n07714571', 'n02974003', 'n02114855', 'n03785016', 'n03764736', 'n03775546', 'n02087046', 'n07836838', 'n04099969', 'n04592741', 'n03891251', 'n02701002', 'n03379051', 'n02259212', 'n07715103', 'n03947888', 'n04026417', 'n02326432', 'n03637318', 'n01980166', 'n02113799', 'n02086240', 'n03903868', 'n02483362', 'n04127249', 'n02089973', 'n03017168', 'n02093428', 'n02804414', 'n02396427', 'n04418357', 'n02172182', 'n01729322', 'n02113978', 'n03787032', 'n02089867', 'n02119022', 'n03777754', 'n04238763', 'n02231487', 'n03032252', 'n02138441', 'n02104029', 'n03837869', 'n03494278', 'n04136333', 'n03794056', 'n03492542', 'n02018207', 'n04067472', 'n03930630', 'n03584829', 'n02123045', 'n04229816', 'n02100583', 'n03642806', 'n04336792', 'n03259280', 'n02116738', 'n02108089', 'n03424325', 'n01855672', 'n02090622']

Seed 0:
  Loading training images from ./results/sweep_in100/high_noise_unguided_d25/dataset_0...
  Loaded 1000 training images
  Loading validation images from /root/data/imagenet100/val...
  Loaded 5000 validation images
    Epoch 200/1300 (61.5s)
    Epoch 400/1300 (122.6s)
    Epoch 600/1300 (183.7s)
    Epoch 800/1300 (244.9s)
    Epoch 1000/1300 (306.1s)
    Epoch 1200/1300 (367.3s)
  Training done in 398.5s
  Seed 0: Top-1=13.60%, Top-5=32.90%

Seed 1:
  Loading training images from ./results/sweep_in100/high_noise_unguided_d25/dataset_0...
  Loaded 1000 training images
  Loading validation images from /root/data/imagenet100/val...
  Loaded 5000 validation images
    Epoch 200/1300 (60.9s)
    Epoch 400/1300 (122.0s)
    Epoch 600/1300 (183.1s)
    Epoch 800/1300 (244.3s)
    Epoch 1000/1300 (305.5s)
    Epoch 1200/1300 (366.7s)
  Training done in 397.8s
  Seed 1: Top-1=13.50%, Top-5=31.56%

Seed 2:
  Loading training images from ./results/sweep_in100/high_noise_unguided_d25/dataset_0...
  Loaded 1000 training images
  Loading validation images from /root/data/imagenet100/val...
  Loaded 5000 validation images
    Epoch 200/1300 (61.0s)
    Epoch 400/1300 (122.0s)
    Epoch 600/1300 (183.2s)
    Epoch 800/1300 (244.3s)
    Epoch 1000/1300 (305.5s)
    Epoch 1200/1300 (366.7s)
  Training done in 397.8s
  Seed 2: Top-1=12.76%, Top-5=31.40%

============================================================
Arch: resnet, Depth: 18
Mean Top-1: 13.29 ± 0.37%
Mean Top-5: 31.95 ± 0.67%
=== 100-class ResNet-18 CAGS v2 (3 seeds) ===
Arch: resnet, Norm: instance
Classes (100): ['n02869837', 'n01749939', 'n02488291', 'n02107142', 'n13037406', 'n02091831', 'n04517823', 'n04589890', 'n03062245', 'n01773797', 'n01735189', 'n07831146', 'n07753275', 'n03085013', 'n04485082', 'n02105505', 'n01983481', 'n02788148', 'n03530642', 'n04435653', 'n02086910', 'n02859443', 'n13040303', 'n03594734', 'n02085620', 'n02099849', 'n01558993', 'n04493381', 'n02109047', 'n04111531', 'n02877765', 'n04429376', 'n02009229', 'n01978455', 'n02106550', 'n01820546', 'n01692333', 'n07714571', 'n02974003', 'n02114855', 'n03785016', 'n03764736', 'n03775546', 'n02087046', 'n07836838', 'n04099969', 'n04592741', 'n03891251', 'n02701002', 'n03379051', 'n02259212', 'n07715103', 'n03947888', 'n04026417', 'n02326432', 'n03637318', 'n01980166', 'n02113799', 'n02086240', 'n03903868', 'n02483362', 'n04127249', 'n02089973', 'n03017168', 'n02093428', 'n02804414', 'n02396427', 'n04418357', 'n02172182', 'n01729322', 'n02113978', 'n03787032', 'n02089867', 'n02119022', 'n03777754', 'n04238763', 'n02231487', 'n03032252', 'n02138441', 'n02104029', 'n03837869', 'n03494278', 'n04136333', 'n03794056', 'n03492542', 'n02018207', 'n04067472', 'n03930630', 'n03584829', 'n02123045', 'n04229816', 'n02100583', 'n03642806', 'n04336792', 'n03259280', 'n02116738', 'n02108089', 'n03424325', 'n01855672', 'n02090622']

Seed 0:
  Loading training images from ./results/sweep_in100/high_noise_cagsv2_0.0_0.06_d25/dataset_0...
  Loaded 1000 training images
  Loading validation images from /root/data/imagenet100/val...
  Loaded 5000 validation images
    Epoch 200/1300 (61.5s)
    Epoch 400/1300 (122.5s)
    Epoch 600/1300 (183.7s)
    Epoch 800/1300 (244.9s)
    Epoch 1000/1300 (306.1s)
    Epoch 1200/1300 (367.2s)
  Training done in 398.5s
  Seed 0: Top-1=16.30%, Top-5=35.88%

Seed 1:
  Loading training images from ./results/sweep_in100/high_noise_cagsv2_0.0_0.06_d25/dataset_0...
  Loaded 1000 training images
  Loading validation images from /root/data/imagenet100/val...
  Loaded 5000 validation images
    Epoch 200/1300 (60.9s)
    Epoch 400/1300 (122.0s)
    Epoch 600/1300 (183.1s)
    Epoch 800/1300 (244.3s)
    Epoch 1000/1300 (305.5s)
    Epoch 1200/1300 (366.7s)
  Training done in 398.3s
  Seed 1: Top-1=16.12%, Top-5=35.50%

Seed 2:
  Loading training images from ./results/sweep_in100/high_noise_cagsv2_0.0_0.06_d25/dataset_0...
  Loaded 1000 training images
  Loading validation images from /root/data/imagenet100/val...
  Loaded 5000 validation images
    Epoch 200/1300 (60.9s)
    Epoch 400/1300 (122.0s)
    Epoch 600/1300 (183.1s)
    Epoch 800/1300 (244.3s)
    Epoch 1000/1300 (305.5s)
    Epoch 1200/1300 (366.7s)
  Training done in 397.9s
  Seed 2: Top-1=16.30%, Top-5=35.64%

============================================================
Arch: resnet, Depth: 18
Mean Top-1: 16.24 ± 0.08%
Mean Top-5: 35.67 ± 0.16%
========================================
GPU 1 ALL DONE - Wed Sep  2 17:17:07 UTC 2026
========================================
